// Jest Snapshot v1, https://goo.gl/fbAQLP

exports[`Day Care Account Password - Update Password matches snapshot 1`] = `
<DocumentFragment>
  <div
    class="MuiBox-root MuiBox-root-3"
  >
    <div
      class="makeStyles-root-4"
    >
      <div
        class="makeStyles-content-5 makeStyles-confirmation-12 makeStyles-roundCorners-7"
        style="width: 100%;"
      >
        <div
          class="makeStyles-icon-8"
        >
          <svg
            aria-hidden="true"
            class="MuiSvgIcon-root makeStyles-root-38"
            focusable="false"
            viewBox="0 0 24 24"
          >
            <path
              d="M2 12a10 10 0 1110 10A10 10 0 012 12zm1.32 0A8.68 8.68 0 1012 3.32 8.7 8.7 0 003.32 12z"
              fill="#00a979"
            />
            <path
              d="M10.35 15.3a.68.68 0 01-.36-.18l-2.43-2.64a.54.54 0 01.09-.62.45.45 0 01.63 0l2.07 2.29 4.78-5a.45.45 0 01.63 0 .41.41 0 010 .62l-5 5.37a.49.49 0 01-.41.16z"
              fill="#00a979"
            />
            <path
              d="M10.35 15.55a.91.91 0 01-.53-.25l-2.48-2.71a.77.77 0 01.13-.9.7.7 0 011 0l1.9 2.11L15 9a.7.7 0 011 0 .68.68 0 01.21.49.67.67 0 01-.21.49l-5 5.37a.77.77 0 01-.65.2zm-2.58-3.21L10.18 15a.54.54 0 00.18.1c.07 0 .1 0 .18-.1l5-5.37a.19.19 0 00.07-.14.18.18 0 00-.06-.13.19.19 0 00-.28 0l-5 5.21L8.1 12a.2.2 0 00-.28 0 .28.28 0 00-.05.34z"
              fill="#00a979"
            />
          </svg>
        </div>
        <div>
          <p
            class="MuiTypography-root MuiTypography-body2"
          >
            Account created!
          </p>
        </div>
      </div>
    </div>
  </div>
  <div
    class="MuiGrid-root MuiGrid-container"
  >
    <div
      class="MuiBox-root MuiBox-root-29"
    >
      <div
        class="MuiGrid-root MuiGrid-item MuiGrid-grid-xs-12"
      >
        <h2
          class="MuiTypography-root makeStyles-header-30 MuiTypography-h2"
        >
          Finish setting up your account
        </h2>
      </div>
      <div
        class="MuiBox-root MuiBox-root-31"
      >
        <p
          class="MuiTypography-root MuiTypography-body2"
        >
          We created a temporary password, but you can set a new one now to save time.
        </p>
      </div>
    </div>
    <div
      class="MuiGrid-root makeStyles-inputContainer-2 MuiGrid-item MuiGrid-grid-xs-12"
    >
      <div
        class="MuiFormControl-root MuiTextField-root makeStyles-inline-32"
      >
        <label
          class="MuiFormLabel-root MuiInputLabel-root MuiInputLabel-formControl MuiInputLabel-animated"
          data-shrink="false"
          for="password"
          id="password-label"
        >
          Password
        </label>
        <div
          class="MuiInputBase-root MuiInput-root MuiInputBase-formControl MuiInput-formControl"
        >
          <input
            aria-describedby="password-helper-text"
            aria-invalid="false"
            class="MuiInputBase-input MuiInput-input"
            id="password"
            name="password"
            type="password"
            value=""
          />
        </div>
        <p
          class="MuiFormHelperText-root"
          id="password-helper-text"
        >
          Minimum 6 characters
        </p>
      </div>
    </div>
    <div
      class="MuiGrid-root MuiGrid-item MuiGrid-grid-xs-12"
    >
      <div
        class="MuiBox-root MuiBox-root-36"
      >
        <button
          class="MuiButtonBase-root MuiButton-root MuiButton-contained MuiButton-containedPrimary MuiButton-containedSizeLarge MuiButton-sizeLarge MuiButton-fullWidth"
          tabindex="0"
          type="button"
        >
          <span
            class="MuiButton-label"
          >
            Set password
          </span>
          <span
            class="MuiTouchRipple-root"
          />
        </button>
      </div>
    </div>
    <div
      class="MuiGrid-root MuiGrid-item MuiGrid-grid-xs-12"
    >
      <div
        class="MuiBox-root MuiBox-root-37"
      >
        <h6
          class="MuiTypography-root makeStyles-skipForNowLink-1 MuiTypography-subtitle1"
        >
          <a
            class="MuiTypography-root MuiLink-root MuiLink-underlineNone MuiTypography-colorPrimary"
          >
            Skip for now
          </a>
        </h6>
      </div>
    </div>
  </div>
</DocumentFragment>
`;
