// Jest Snapshot v1, https://goo.gl/fbAQLP

exports[`Job Types should match snapshot 1`] = `
<DocumentFragment>
  <div
    class="MuiGrid-root makeStyles-gridContainer-1 MuiGrid-container"
  >
    <div
      class="MuiGrid-root MuiGrid-item MuiGrid-grid-xs-12"
    >
      <h2
        class="MuiTypography-root makeStyles-header-19 MuiTypography-h2"
      >
        My schedule works best with:
      </h2>
    </div>
    <div
      class="MuiGrid-root makeStyles-header-2 MuiGrid-item MuiGrid-grid-xs-12"
    >
      <p
        class="MuiTypography-root makeStyles-disclaimer1-26 MuiTypography-body1 MuiTypography-colorTextSecondary"
      >
        Select all that apply
      </p>
    </div>
    <div
      class="MuiGrid-root MuiGrid-item MuiGrid-grid-xs-12"
    >
      <label
        class="MuiFormControlLabel-root makeStyles-root-34 MuiFormControlLabel-labelPlacementStart"
      >
        <span
          aria-disabled="false"
          class="MuiButtonBase-root MuiIconButton-root PrivateSwitchBase-root-35 MuiCheckbox-root MuiCheckbox-colorSecondary MuiIconButton-colorSecondary"
        >
          <span
            class="MuiIconButton-label"
          >
            <input
              class="PrivateSwitchBase-input-38"
              data-indeterminate="false"
              name="recurring"
              type="checkbox"
              value=""
            />
            <svg
              aria-hidden="true"
              class="MuiSvgIcon-root makeStyles-root-65"
              focusable="false"
              viewBox="0 0 24 24"
            >
              <path
                d="M5.6.75h12.8a4.8 4.8 0 014.85 4.85v12.8a4.8 4.8 0 01-4.85 4.85H5.6A4.8 4.8 0 01.75 18.4V5.6A4.93 4.93 0 015.6.75z"
                fill="#fff"
              />
              <path
                d="M18.4 23.27H5.6A4.88 4.88 0 01.73 18.4V5.6A4.93 4.93 0 015.6.73h12.8a4.88 4.88 0 014.87 4.87v12.8a4.88 4.88 0 01-4.87 4.87zM5.6 1.73A3.92 3.92 0 001.73 5.6v12.8a3.88 3.88 0 003.87 3.87h12.8a3.88 3.88 0 003.87-3.87V5.6a3.88 3.88 0 00-3.87-3.87z"
                fill="#23405f"
              />
            </svg>
          </span>
        </span>
        <span
          class="MuiTypography-root MuiFormControlLabel-label MuiTypography-body1"
        >
          <h4
            class="MuiTypography-root MuiTypography-h4 MuiTypography-colorPrimary"
          >
            Recurring jobs
          </h4>
          <p
            class="MuiTypography-root makeStyles-body3-23 MuiTypography-body1 MuiTypography-colorSecondary"
          >
            Nanny, after-school and summer jobs. Work a regular, full, or part-time schedule.
          </p>
        </span>
      </label>
    </div>
    <div
      class="MuiGrid-root MuiGrid-item MuiGrid-grid-xs-12"
    >
      <div
        class="makeStyles-divider-40 makeStyles-is-hairline-41"
        data-testid="divider"
      />
    </div>
    <div
      class="MuiGrid-root MuiGrid-item MuiGrid-grid-xs-12"
    >
      <label
        class="MuiFormControlLabel-root makeStyles-root-34 MuiFormControlLabel-labelPlacementStart"
      >
        <span
          aria-disabled="false"
          class="MuiButtonBase-root MuiIconButton-root PrivateSwitchBase-root-35 MuiCheckbox-root MuiCheckbox-colorSecondary MuiIconButton-colorSecondary"
        >
          <span
            class="MuiIconButton-label"
          >
            <input
              class="PrivateSwitchBase-input-38"
              data-indeterminate="false"
              name="oneTime"
              type="checkbox"
              value=""
            />
            <svg
              aria-hidden="true"
              class="MuiSvgIcon-root makeStyles-root-66"
              focusable="false"
              viewBox="0 0 24 24"
            >
              <path
                d="M5.6.75h12.8a4.8 4.8 0 014.85 4.85v12.8a4.8 4.8 0 01-4.85 4.85H5.6A4.8 4.8 0 01.75 18.4V5.6A4.93 4.93 0 015.6.75z"
                fill="#fff"
              />
              <path
                d="M18.4 23.27H5.6A4.88 4.88 0 01.73 18.4V5.6A4.93 4.93 0 015.6.73h12.8a4.88 4.88 0 014.87 4.87v12.8a4.88 4.88 0 01-4.87 4.87zM5.6 1.73A3.92 3.92 0 001.73 5.6v12.8a3.88 3.88 0 003.87 3.87h12.8a3.88 3.88 0 003.87-3.87V5.6a3.88 3.88 0 00-3.87-3.87z"
                fill="#23405f"
              />
            </svg>
          </span>
        </span>
        <span
          class="MuiTypography-root MuiFormControlLabel-label MuiTypography-body1"
        >
          <h4
            class="MuiTypography-root MuiTypography-h4 MuiTypography-colorPrimary"
          >
            One-time jobs
          </h4>
          <p
            class="MuiTypography-root makeStyles-body3-23 MuiTypography-body1 MuiTypography-colorSecondary"
          >
            Date nights, backup sitter, and special occasions. Pick up occasional jobs based on your preferred schedule.
          </p>
        </span>
      </label>
    </div>
    <div
      class="MuiGrid-root makeStyles-nextButtonContainer-6 MuiGrid-item MuiGrid-grid-xs-12"
    >
      <button
        class="MuiButtonBase-root MuiButton-root MuiButton-contained MuiButton-containedPrimary MuiButton-containedSizeLarge MuiButton-sizeLarge Mui-disabled MuiButton-fullWidth Mui-disabled"
        disabled=""
        tabindex="-1"
        type="button"
      >
        <span
          class="MuiButton-label"
        >
          Next
        </span>
      </button>
    </div>
  </div>
</DocumentFragment>
`;
