// Jest Snapshot v1, https://goo.gl/fbAQLP

exports[`Jobs matching page matches snapshot 1`] = `
<DocumentFragment>
  <div
    class="makeStyles-wrapper-1"
  >
    <div
      class="makeStyles-fade-2"
      style="position: relative; width: auto; margin-bottom: -24px; padding: 32px 40px 24px;"
    >
      <button
        class="MuiButtonBase-root MuiButton-root MuiButton-contained MuiButton-containedPrimary MuiButton-containedSizeLarge MuiButton-sizeLarge MuiButton-fullWidth"
        tabindex="0"
        type="button"
      >
        <span
          class="MuiButton-label"
        >
          Next
        </span>
      </button>
    </div>
  </div>
</DocumentFragment>
`;
