// Jest Snapshot v1, https://goo.gl/fbAQLP

exports[`StepsPage matches snapshot 1`] = `
<DocumentFragment>
  <div
    class="MuiGrid-root makeStyles-gridContainer-1 MuiGrid-container"
  >
    <div
      class="MuiGrid-root MuiGrid-item"
    >
      <div
        class="MuiBox-root MuiBox-root-9"
      >
        <div
          class="MuiGrid-root MuiGrid-item MuiGrid-grid-xs-12"
        >
          <div
            class="MuiBox-root MuiBox-root-10"
          >
            <h2
              class="MuiTypography-root makeStyles-header-11 MuiTypography-h2"
            >
              Hereâ€™s what comes next
            </h2>
          </div>
        </div>
        <div
          class="MuiGrid-root makeStyles-listItem-3 MuiGrid-container MuiGrid-item MuiGrid-grid-xs-12"
        >
          <div
            class="MuiGrid-root MuiGrid-item MuiGrid-grid-xs-2"
          >
            <div
              class="makeStyles-successIconContainer-5"
            >
              <svg
                aria-hidden="true"
                class="MuiSvgIcon-root makeStyles-root-27 makeStyles-successIcon-6"
                focusable="false"
                viewBox="0 0 16 12"
              >
                <path
                  d="M5.481 10.918l9.757-9.772M5.48 10.918L1.145 6.575"
                  fill="none"
                  stroke="currentColor"
                  stroke-linecap="round"
                  stroke-linejoin="round"
                  stroke-width="1.5"
                />
              </svg>
            </div>
          </div>
          <div
            class="MuiGrid-root MuiGrid-container MuiGrid-item MuiGrid-grid-xs-10"
          >
            <div
              class="MuiGrid-root MuiGrid-item MuiGrid-grid-xs-12"
            >
              <p
                class="MuiTypography-root MuiTypography-body1"
              >
                Create your account
              </p>
            </div>
            <div
              class="MuiGrid-root MuiGrid-item MuiGrid-grid-xs-12"
            >
              <p
                class="MuiTypography-root makeStyles-body3-16 makeStyles-currentLineSubtitle-2 MuiTypography-body1"
              >
                Done!
              </p>
            </div>
          </div>
        </div>
        <div
          class="MuiGrid-root makeStyles-listItem-3 MuiGrid-container MuiGrid-item MuiGrid-grid-xs-12"
        >
          <div
            class="MuiGrid-root MuiGrid-item MuiGrid-grid-xs-2"
          >
            <div
              class="makeStyles-iconContainer-7"
            >
              <span
                class="makeStyles-iconText-8"
              >
                2
              </span>
            </div>
          </div>
          <div
            class="MuiGrid-root MuiGrid-container MuiGrid-item MuiGrid-grid-xs-10"
          >
            <div
              class="MuiGrid-root MuiGrid-item MuiGrid-grid-xs-12"
            >
              <p
                class="MuiTypography-root MuiTypography-body1"
              >
                Build your profile
              </p>
            </div>
            <div
              class="MuiGrid-root MuiGrid-item MuiGrid-grid-xs-12"
            >
              <p
                class="MuiTypography-root makeStyles-body3-16 MuiTypography-body1 MuiTypography-colorSecondary"
              >
                Your availability, pay rate, and bio.
              </p>
            </div>
          </div>
        </div>
        <div
          class="MuiGrid-root MuiGrid-container MuiGrid-item MuiGrid-grid-xs-12"
        >
          <div
            class="MuiGrid-root MuiGrid-item MuiGrid-grid-xs-2"
          >
            <div
              class="makeStyles-iconContainer-7"
            >
              <span
                class="makeStyles-iconText-8"
              >
                3
              </span>
            </div>
          </div>
          <div
            class="MuiGrid-root MuiGrid-container MuiGrid-item MuiGrid-grid-xs-10"
          >
            <div
              class="MuiGrid-root MuiGrid-item MuiGrid-grid-xs-12"
            >
              <p
                class="MuiTypography-root MuiTypography-body1"
              >
                Get screened
              </p>
            </div>
            <div
              class="MuiGrid-root MuiGrid-item MuiGrid-grid-xs-12"
            >
              <p
                class="MuiTypography-root makeStyles-body3-16 MuiTypography-body1 MuiTypography-colorSecondary"
              >
                Answer some required safety questions and earn a safety badge for your profile.
              </p>
            </div>
          </div>
        </div>
      </div>
    </div>
    <div
      class="MuiGrid-root makeStyles-nextButtonContainer-4 MuiGrid-item MuiGrid-grid-xs-12"
    >
      <button
        class="MuiButtonBase-root MuiButton-root MuiButton-contained MuiButton-containedPrimary MuiButton-containedSizeLarge MuiButton-sizeLarge MuiButton-fullWidth"
        tabindex="0"
        type="button"
      >
        <span
          class="MuiButton-label"
        >
          Build your profile
        </span>
      </button>
    </div>
  </div>
</DocumentFragment>
`;
