// Jest Snapshot v1, https://goo.gl/fbAQLP

exports[`Email for TU matches snapshot 1`] = `
<DocumentFragment>
  <div
    class="MuiGrid-root MuiGrid-container"
  >
    <div
      class="MuiBox-root MuiBox-root-2"
    >
      <h2
        class="MuiTypography-root MuiTypography-h2"
      >
        Create a free account
      </h2>
      <div
        class="MuiBox-root MuiBox-root-17"
      >
        <p
          class="MuiTypography-root MuiTypography-body2"
        >
          See tutors who match your needs. It only takes a few seconds.
        </p>
      </div>
      <div
        class="MuiGrid-root makeStyles-inputContainer-1 MuiGrid-item MuiGrid-grid-xs-12"
      >
        <div
          class="MuiFormControl-root MuiTextField-root makeStyles-inline-18"
        >
          <label
            class="MuiFormLabel-root MuiInputLabel-root MuiInputLabel-formControl MuiInputLabel-animated"
            data-shrink="false"
            for="email"
            id="email-label"
          >
            Email address
          </label>
          <div
            class="MuiInputBase-root MuiInput-root MuiInputBase-formControl MuiInput-formControl"
          >
            <input
              aria-invalid="false"
              class="MuiInputBase-input MuiInput-input"
              id="email"
              name="email"
              type="email"
              value=""
            />
          </div>
        </div>
      </div>
      <div
        class="MuiGrid-root MuiGrid-item MuiGrid-grid-xs-12"
      >
        <div
          class="MuiBox-root MuiBox-root-22"
        >
          <button
            class="MuiButtonBase-root MuiButton-root MuiButton-contained MuiButton-containedPrimary MuiButton-containedSizeLarge MuiButton-sizeLarge MuiButton-fullWidth"
            tabindex="0"
            type="button"
          >
            <span
              class="MuiButton-label"
            >
              Next
            </span>
            <span
              class="MuiTouchRipple-root"
            />
          </button>
        </div>
      </div>
    </div>
  </div>
</DocumentFragment>
`;
