// Jest Snapshot v1, https://goo.gl/fbAQLP

exports[`AddressSearch Should match a snapshot 1`] = `
<DocumentFragment>
  <div
    class="MuiBox-root MuiBox-root-8"
  >
    <div
      class="MuiBox-root MuiBox-root-9 makeStyles-addressSearchContainer-1"
    >
      <svg
        aria-hidden="true"
        class="MuiSvgIcon-root makeStyles-root-15 makeStyles-loopIcon-2"
        focusable="false"
        viewBox="0 0 24 24"
      >
        <path
          d="M10 17.29a7 7 0 117-7 7 7 0 01-7 7zm0-12.63a5.53 5.53 0 105.52 5.52A5.51 5.51 0 0010 4.66z"
          fill="#23405f"
        />
        <path
          d="M20.24 20.77a.83.83 0 01-.53-.22l-5.59-5.37a.75.75 0 111.06-1.06l5.59 5.37a.72.72 0 010 1.06.58.58 0 01-.53.22z"
          fill="#23405f"
        />
      </svg>
      <div
        class="MuiFormControl-root MuiTextField-root makeStyles-inline-11"
      >
        <label
          class="MuiFormLabel-root MuiInputLabel-root MuiInputLabel-formControl MuiInputLabel-animated"
          data-shrink="false"
          for="search-address"
          id="search-address-label"
        >
          Street address
        </label>
        <div
          class="MuiInputBase-root MuiInput-root MuiInputBase-formControl MuiInput-formControl"
        >
          <input
            aria-invalid="false"
            class="MuiInputBase-input MuiInput-input"
            id="search-address"
            name="search address"
            type="text"
            value=""
          />
        </div>
      </div>
    </div>
  </div>
</DocumentFragment>
`;
