// Jest Snapshot v1, https://goo.gl/fbAQLP

exports[`ProgressBar should render snapshot 1`] = `
<DocumentFragment>
  <div
    aria-valuemax="100"
    aria-valuemin="0"
    aria-valuenow="20"
    class="MuiLinearProgress-root WithStyles(ForwardRef(LinearProgress))-root-1 MuiLinearProgress-colorPrimary WithStyles(ForwardRef(LinearProgress))-colorPrimary-2 MuiLinearProgress-determinate"
    role="progressbar"
  >
    <div
      class="MuiLinearProgress-bar WithStyles(ForwardRef(LinearProgress))-bar-3 MuiLinearProgress-barColorPrimary MuiLinearProgress-bar1Determinate"
      style="transform: translateX(-80%);"
    />
  </div>
</DocumentFragment>
`;
