// Jest Snapshot v1, https://goo.gl/fbAQLP

exports[`RenderIf Matches snapshot 1`] = `
<DocumentFragment>
  <p>
    This is a test
  </p>
</DocumentFragment>
`;
