// Jest Snapshot v1, https://goo.gl/fbAQLP

exports[`SectionWithTitle - test matches snapshot 1`] = `
<DocumentFragment>
  <div>
    <h2
      class="MuiTypography-root makeStyles-title-1 MuiTypography-h2"
    >
      How do you take advantage of these tax credits
    </h2>
    <p
      class="MuiTypography-root makeStyles-body-2 MuiTypography-body1"
    >
      In order to take advantage of these tax credits, you must pay your nanny on the books. Care.com Homepay can help. 
      <a
        href="https://www.care.com/homepay"
      >
        Learn more
      </a>
    </p>
  </div>
</DocumentFragment>
`;
