// Jest Snapshot v1, https://goo.gl/fbAQLP

exports[`PreferencesPage matches snapshot 1`] = `
<DocumentFragment>
  <div
    class="MuiGrid-root makeStyles-gridContainer-1 MuiGrid-container"
  >
    <div
      class="MuiGrid-root MuiGrid-item MuiGrid-grid-xs-12"
    >
      <h2
        class="MuiTypography-root makeStyles-header-17 MuiTypography-h2"
      >
        Who would you like to care for?
      </h2>
    </div>
    <div
      class="MuiGrid-root makeStyles-children-15 MuiGrid-item MuiGrid-grid-xs-12"
    >
      <div
        class="makeStyles-stepper-20 makeStyles-numberOfChildren-12"
      >
        <div
          class="MuiGrid-root MuiGrid-container MuiGrid-align-items-xs-center"
        >
          <div
            class="MuiGrid-root MuiGrid-item MuiGrid-grid-xs-12"
          >
            <label
              class="MuiFormLabel-root MuiInputLabel-root makeStyles-label-18 MuiInputLabel-animated"
            >
              Iâ€™m comfortable caring for:
            </label>
          </div>
          <div
            class="MuiGrid-root MuiGrid-item MuiGrid-grid-xs-3"
          >
            <button
              class="makeStyles-stepperButtons-22 limit"
              disabled=""
              id="decrement"
              type="button"
            >
              <svg
                aria-hidden="true"
                class="MuiSvgIcon-root makeStyles-root-63"
                focusable="false"
                viewBox="0 0 24 24"
              >
                <circle
                  cx="12"
                  cy="12"
                  fill="#3b71aa"
                  r="11.5"
                />
                <path
                  d="M16.58 12.42H7.42a.42.42 0 010-.84h9.16a.42.42 0 110 .84z"
                  fill="#fff"
                  stroke="#fff"
                  stroke-miterlimit="10"
                  stroke-width=".7"
                />
              </svg>
            </button>
          </div>
          <div
            class="MuiGrid-root MuiGrid-item MuiGrid-grid-xs-6"
          >
            <input
              class="makeStyles-stepperInput-23"
              name="children"
              readonly=""
              type="text"
              value="1"
            />
          </div>
          <div
            class="MuiGrid-root makeStyles-addBlock-21 MuiGrid-item MuiGrid-grid-xs-3"
          >
            <button
              class="makeStyles-stepperButtons-22"
              id="increment"
              type="button"
            >
              <svg
                aria-hidden="true"
                class="MuiSvgIcon-root makeStyles-root-64"
                focusable="false"
                viewBox="0 0 24 24"
              >
                <circle
                  cx="12"
                  cy="12"
                  fill="#3b71aa"
                  r="11.5"
                />
                <path
                  d="M12 17a.57.57 0 01-.57-.57V7.57a.57.57 0 011.14 0v8.86A.57.57 0 0112 17z"
                  fill="#fff"
                  stroke="#fff"
                  stroke-miterlimit="10"
                  stroke-width=".4"
                />
                <path
                  d="M16.43 12.57H7.57a.57.57 0 010-1.14h8.86a.57.57 0 010 1.14z"
                  fill="#fff"
                  stroke="#fff"
                  stroke-miterlimit="10"
                  stroke-width=".4"
                />
              </svg>
            </button>
          </div>
          <div
            class="MuiGrid-root MuiGrid-item MuiGrid-grid-xs-12"
          >
            <label
              class="MuiFormLabel-root MuiInputLabel-root makeStyles-optionLabel-19 MuiInputLabel-animated"
            >
              Child
            </label>
          </div>
        </div>
      </div>
    </div>
    <div
      class="MuiGrid-root makeStyles-title-10 MuiGrid-item MuiGrid-grid-xs-12"
    >
      <h4
        class="MuiTypography-root MuiTypography-h4"
      >
        Ages
      </h4>
    </div>
    <div
      class="MuiGrid-root MuiGrid-item MuiGrid-grid-xs-12"
    >
      <p
        class="MuiTypography-root makeStyles-body3-29 MuiTypography-body1 MuiTypography-colorSecondary"
      >
        Select all that apply
      </p>
    </div>
    <div
      class="MuiGrid-root MuiGrid-item MuiGrid-grid-xs-12"
    >
      <ul
        class="MuiList-root makeStyles-rootInline-40 makeStyles-selector-13 makeStyles-allItemsSelector-14 MuiList-padding"
      >
        <li
          class="MuiListItem-root makeStyles-root-41 pill MuiListItem-gutters"
        >
          <input
            class="makeStyles-input-44"
            id="selector.undefined.0"
            name=""
            readonly=""
            type="checkbox"
            value="NEWBORN"
          />
          <div
            class="MuiBox-root MuiBox-root-52 makeStyles-controlIndicator-45 sm"
            tabindex="0"
          >
            <p
              class="MuiTypography-root MuiTypography-body2"
            >
              0 - 11 mos
            </p>
          </div>
        </li>
        <li
          class="MuiListItem-root makeStyles-root-41 pill MuiListItem-gutters"
        >
          <input
            class="makeStyles-input-44"
            id="selector.undefined.1"
            name=""
            readonly=""
            type="checkbox"
            value="TODDLER"
          />
          <div
            class="MuiBox-root MuiBox-root-53 makeStyles-controlIndicator-45 sm"
            tabindex="0"
          >
            <p
              class="MuiTypography-root MuiTypography-body2"
            >
              1 - 3 yrs
            </p>
          </div>
        </li>
        <li
          class="MuiListItem-root makeStyles-root-41 pill MuiListItem-gutters"
        >
          <input
            class="makeStyles-input-44"
            id="selector.undefined.2"
            name=""
            readonly=""
            type="checkbox"
            value="EARLY_SCHOOL"
          />
          <div
            class="MuiBox-root MuiBox-root-54 makeStyles-controlIndicator-45 sm"
            tabindex="0"
          >
            <p
              class="MuiTypography-root MuiTypography-body2"
            >
              4 - 5 yrs
            </p>
          </div>
        </li>
        <li
          class="MuiListItem-root makeStyles-root-41 pill MuiListItem-gutters"
        >
          <input
            class="makeStyles-input-44"
            id="selector.undefined.3"
            name=""
            readonly=""
            type="checkbox"
            value="ELEMENTARY_SCHOOL"
          />
          <div
            class="MuiBox-root MuiBox-root-55 makeStyles-controlIndicator-45 sm"
            tabindex="0"
          >
            <p
              class="MuiTypography-root MuiTypography-body2"
            >
              6 - 11 yrs
            </p>
          </div>
        </li>
        <li
          class="MuiListItem-root makeStyles-root-41 pill MuiListItem-gutters"
        >
          <input
            class="makeStyles-input-44"
            id="selector.undefined.4"
            name=""
            readonly=""
            type="checkbox"
            value="TEEN"
          />
          <div
            class="MuiBox-root MuiBox-root-56 makeStyles-controlIndicator-45 sm"
            tabindex="0"
          >
            <p
              class="MuiTypography-root MuiTypography-body2"
            >
              12+ yrs
            </p>
          </div>
        </li>
      </ul>
    </div>
    <div
      class="MuiGrid-root MuiGrid-item MuiGrid-grid-xs-12"
    >
      <label
        class="MuiFormControlLabel-root makeStyles-checkboxLabel-11"
      >
        <span
          aria-disabled="false"
          class="MuiButtonBase-root MuiIconButton-root PrivateSwitchBase-root-58 MuiCheckbox-root MuiCheckbox-colorSecondary MuiIconButton-colorSecondary"
        >
          <span
            class="MuiIconButton-label"
          >
            <input
              class="PrivateSwitchBase-input-61"
              data-indeterminate="false"
              type="checkbox"
              value=""
            />
            <svg
              aria-hidden="true"
              class="MuiSvgIcon-root makeStyles-root-65"
              focusable="false"
              viewBox="0 0 24 24"
            >
              <path
                d="M5.6.75h12.8a4.8 4.8 0 014.85 4.85v12.8a4.8 4.8 0 01-4.85 4.85H5.6A4.8 4.8 0 01.75 18.4V5.6A4.93 4.93 0 015.6.75z"
                fill="#fff"
              />
              <path
                d="M18.4 23.27H5.6A4.88 4.88 0 01.73 18.4V5.6A4.93 4.93 0 015.6.73h12.8a4.88 4.88 0 014.87 4.87v12.8a4.88 4.88 0 01-4.87 4.87zM5.6 1.73A3.92 3.92 0 001.73 5.6v12.8a3.88 3.88 0 003.87 3.87h12.8a3.88 3.88 0 003.87-3.87V5.6a3.88 3.88 0 00-3.87-3.87z"
                fill="#23405f"
              />
            </svg>
          </span>
        </span>
        <span
          class="MuiTypography-root MuiFormControlLabel-label MuiTypography-body1"
        >
          Willing to care for sick children
        </span>
      </label>
    </div>
    <div
      class="MuiGrid-root makeStyles-nextButtonContainer-2 MuiGrid-item MuiGrid-grid-xs-12"
    >
      <button
        class="MuiButtonBase-root MuiButton-root MuiButton-contained MuiButton-containedPrimary MuiButton-containedSizeLarge MuiButton-sizeLarge MuiButton-fullWidth"
        tabindex="0"
        type="button"
      >
        <span
          class="MuiButton-label"
        >
          Next
        </span>
      </button>
    </div>
  </div>
</DocumentFragment>
`;
