// Jest Snapshot v1, https://goo.gl/fbAQLP

exports[`Seeker - Pet Care - About Pets matches snapshot 1`] = `
<DocumentFragment>
  <div
    class="MuiGrid-root MuiGrid-container"
  >
    <div
      class="MuiGrid-root makeStyles-header-1 MuiGrid-item MuiGrid-grid-xs-12"
    >
      <h2
        class="MuiTypography-root makeStyles-header-1 MuiTypography-h2 MuiTypography-colorTextPrimary"
      >
        Tell us about your pets!
      </h2>
    </div>
    <div
      class="MuiGrid-root makeStyles-subheader-2 MuiGrid-item MuiGrid-grid-xs-12"
    >
      <h3
        class="MuiTypography-root makeStyles-subheader-2 MuiTypography-h3 MuiTypography-colorTextPrimary"
      >
        How many pets need care?
      </h3>
    </div>
    <div
      class="MuiGrid-root MuiGrid-item MuiGrid-grid-xs-12"
    >
      <div
        class="MuiGrid-root makeStyles-selectorContainer-3 MuiGrid-item MuiGrid-grid-xs-12"
      >
        <div
          class="MuiGrid-root makeStyles-selector-4 MuiGrid-item MuiGrid-grid-xs-12"
        >
          <div
            class="MuiFormControl-root MuiFormControl-marginDense MuiFormControl-fullWidth"
          >
            <label
              class="MuiFormLabel-root MuiInputLabel-root MuiInputLabel-formControl MuiInputLabel-animated MuiInputLabel-shrink MuiInputLabel-marginDense MuiFormLabel-filled"
              data-shrink="true"
              for="dogs"
            >
              Dogs
            </label>
            <div
              class="MuiInputBase-root MuiInput-root MuiInput-underline MuiInputBase-formControl MuiInput-formControl MuiInputBase-marginDense MuiInput-marginDense"
              data-testid="select"
            >
              <div
                aria-haspopup="listbox"
                aria-labelledby="mui-component-select-dogs"
                class="MuiSelect-root MuiSelect-select MuiSelect-selectMenu MuiInputBase-input MuiInput-input MuiInputBase-inputMarginDense MuiInput-inputMarginDense"
                id="mui-component-select-dogs"
                role="button"
                tabindex="0"
              >
                0
              </div>
              <input
                aria-hidden="true"
                class="MuiSelect-nativeInput"
                name="dogs"
                tabindex="-1"
                value="0"
              />
              <svg
                aria-hidden="true"
                class="MuiSvgIcon-root MuiSelect-icon"
                focusable="false"
                viewBox="0 0 24 24"
              >
                <path
                  d="M7 10l5 5 5-5z"
                />
              </svg>
            </div>
          </div>
        </div>
        <div
          class="MuiGrid-root makeStyles-selector-4 MuiGrid-item MuiGrid-grid-xs-12"
        >
          <div
            class="MuiFormControl-root MuiFormControl-marginDense MuiFormControl-fullWidth"
          >
            <label
              class="MuiFormLabel-root MuiInputLabel-root MuiInputLabel-formControl MuiInputLabel-animated MuiInputLabel-shrink MuiInputLabel-marginDense MuiFormLabel-filled"
              data-shrink="true"
              for="cats"
            >
              Cats
            </label>
            <div
              class="MuiInputBase-root MuiInput-root MuiInput-underline MuiInputBase-formControl MuiInput-formControl MuiInputBase-marginDense MuiInput-marginDense"
              data-testid="select"
            >
              <div
                aria-haspopup="listbox"
                aria-labelledby="mui-component-select-cats"
                class="MuiSelect-root MuiSelect-select MuiSelect-selectMenu MuiInputBase-input MuiInput-input MuiInputBase-inputMarginDense MuiInput-inputMarginDense"
                id="mui-component-select-cats"
                role="button"
                tabindex="0"
              >
                0
              </div>
              <input
                aria-hidden="true"
                class="MuiSelect-nativeInput"
                name="cats"
                tabindex="-1"
                value="0"
              />
              <svg
                aria-hidden="true"
                class="MuiSvgIcon-root MuiSelect-icon"
                focusable="false"
                viewBox="0 0 24 24"
              >
                <path
                  d="M7 10l5 5 5-5z"
                />
              </svg>
            </div>
          </div>
        </div>
        <div
          class="MuiGrid-root makeStyles-selector-4 MuiGrid-item MuiGrid-grid-xs-12"
        >
          <div
            class="MuiFormControl-root MuiFormControl-marginDense MuiFormControl-fullWidth"
          >
            <label
              class="MuiFormLabel-root MuiInputLabel-root MuiInputLabel-formControl MuiInputLabel-animated MuiInputLabel-shrink MuiInputLabel-marginDense MuiFormLabel-filled"
              data-shrink="true"
              for="other"
            >
              Other
            </label>
            <div
              class="MuiInputBase-root MuiInput-root MuiInput-underline MuiInputBase-formControl MuiInput-formControl MuiInputBase-marginDense MuiInput-marginDense"
              data-testid="select"
            >
              <div
                aria-haspopup="listbox"
                aria-labelledby="mui-component-select-other"
                class="MuiSelect-root MuiSelect-select MuiSelect-selectMenu MuiInputBase-input MuiInput-input MuiInputBase-inputMarginDense MuiInput-inputMarginDense"
                id="mui-component-select-other"
                role="button"
                tabindex="0"
              >
                0
              </div>
              <input
                aria-hidden="true"
                class="MuiSelect-nativeInput"
                name="other"
                tabindex="-1"
                value="0"
              />
              <svg
                aria-hidden="true"
                class="MuiSvgIcon-root MuiSelect-icon"
                focusable="false"
                viewBox="0 0 24 24"
              >
                <path
                  d="M7 10l5 5 5-5z"
                />
              </svg>
            </div>
          </div>
        </div>
      </div>
      <div
        class="MuiGrid-root makeStyles-error-6 MuiGrid-item MuiGrid-grid-xs-12"
      >
        <p
          class="MuiTypography-root makeStyles-body3-10 MuiTypography-body1"
        />
      </div>
      <div
        class="MuiGrid-root makeStyles-button-5 MuiGrid-item MuiGrid-grid-xs-12"
      >
        <button
          class="MuiButtonBase-root MuiButton-root MuiButton-contained MuiButton-containedPrimary MuiButton-containedSizeLarge MuiButton-sizeLarge MuiButton-fullWidth"
          tabindex="0"
          type="button"
        >
          <span
            class="MuiButton-label"
          >
            Next
          </span>
        </button>
      </div>
    </div>
  </div>
</DocumentFragment>
`;
