// Jest Snapshot v1, https://goo.gl/fbAQLP

exports[`Who needs care In facility matches snapshot 1`] = `
<DocumentFragment>
  <div
    class="MuiGrid-root MuiGrid-container"
  >
    <div
      class="MuiGrid-root makeStyles-letsGetStartedHeader-3 MuiGrid-item MuiGrid-grid-xs-12"
    >
      <h2
        class="MuiTypography-root makeStyles-header-6 MuiTypography-h2"
      >
        Letâ€™s get started by learning more about your senior care needs
      </h2>
    </div>
    <div
      class="MuiGrid-root MuiGrid-item MuiGrid-grid-xs-12"
    >
      <h4
        class="MuiTypography-root MuiTypography-h4"
      >
        Who needs care?
      </h4>
    </div>
    <div
      class="MuiGrid-root MuiGrid-item MuiGrid-grid-xs-12"
    >
      <ul
        class="MuiList-root makeStyles-selector-1 MuiList-padding"
      >
        <li
          class="MuiListItem-root makeStyles-root-8 pill MuiListItem-gutters"
        >
          <input
            class="makeStyles-input-11"
            id="selector.careType.0"
            name="careType"
            readonly=""
            type="radio"
            value="PARENT"
          />
          <div
            class="makeStyles-controlIndicator-12 md"
            tabindex="0"
          >
            <div
              class="MuiGrid-root MuiGrid-container MuiGrid-wrap-xs-nowrap MuiGrid-align-items-xs-center"
            >
              <div>
                <p
                  class="MuiTypography-root MuiTypography-body1"
                >
                  My parent
                </p>
              </div>
            </div>
          </div>
        </li>
        <li
          class="MuiListItem-root makeStyles-root-8 pill MuiListItem-gutters"
        >
          <input
            class="makeStyles-input-11"
            id="selector.careType.1"
            name="careType"
            readonly=""
            type="radio"
            value="SPOUSE"
          />
          <div
            class="makeStyles-controlIndicator-12 md"
            tabindex="0"
          >
            <div
              class="MuiGrid-root MuiGrid-container MuiGrid-wrap-xs-nowrap MuiGrid-align-items-xs-center"
            >
              <div>
                <p
                  class="MuiTypography-root MuiTypography-body1"
                >
                  My spouse
                </p>
              </div>
            </div>
          </div>
        </li>
        <li
          class="MuiListItem-root makeStyles-root-8 pill MuiListItem-gutters"
        >
          <input
            class="makeStyles-input-11"
            id="selector.careType.2"
            name="careType"
            readonly=""
            type="radio"
            value="SELF"
          />
          <div
            class="makeStyles-controlIndicator-12 md"
            tabindex="0"
          >
            <div
              class="MuiGrid-root MuiGrid-container MuiGrid-wrap-xs-nowrap MuiGrid-align-items-xs-center"
            >
              <div>
                <p
                  class="MuiTypography-root MuiTypography-body1"
                >
                  Myself
                </p>
              </div>
            </div>
          </div>
        </li>
        <li
          class="MuiListItem-root makeStyles-root-8 pill MuiListItem-gutters"
        >
          <input
            class="makeStyles-input-11"
            id="selector.careType.3"
            name="careType"
            readonly=""
            type="radio"
            value="OTHER"
          />
          <div
            class="makeStyles-controlIndicator-12 md"
            tabindex="0"
          >
            <div
              class="MuiGrid-root MuiGrid-container MuiGrid-wrap-xs-nowrap MuiGrid-align-items-xs-center"
            >
              <div>
                <p
                  class="MuiTypography-root MuiTypography-body1"
                >
                  Other
                </p>
              </div>
            </div>
          </div>
        </li>
      </ul>
    </div>
    <div
      class="MuiGrid-root makeStyles-ageHeader-4 MuiGrid-item MuiGrid-grid-xs-12"
    >
      <h4
        class="MuiTypography-root MuiTypography-h4"
      >
        How old are they?
      </h4>
    </div>
    <div
      class="MuiGrid-root makeStyles-stepper-2 MuiGrid-item MuiGrid-grid-xs-12"
    >
      <div
        class="MuiInputBase-root MuiInput-root MuiInput-underline makeStyles-ageSelector-5"
      >
        <div
          aria-haspopup="listbox"
          class="MuiSelect-root MuiSelect-select MuiSelect-selectMenu MuiInputBase-input MuiInput-input"
          role="button"
          tabindex="0"
        >
          80's
        </div>
        <input
          aria-hidden="true"
          class="MuiSelect-nativeInput"
          tabindex="-1"
          value="EIGHTIES"
        />
        <svg
          aria-hidden="true"
          class="MuiSvgIcon-root MuiSelect-icon"
          focusable="false"
          viewBox="0 0 24 24"
        >
          <path
            d="M7 10l5 5 5-5z"
          />
        </svg>
      </div>
    </div>
    <div
      class="MuiGrid-root MuiGrid-item MuiGrid-grid-xs-12"
    >
      <div
        class="makeStyles-buttonContainer-33 makeStyles-buttonContainer-34"
      >
        <button
          class="MuiButtonBase-root MuiButton-root MuiButton-contained MuiButton-containedPrimary MuiButton-containedSizeLarge MuiButton-sizeLarge Mui-disabled MuiButton-fullWidth Mui-disabled"
          disabled=""
          tabindex="-1"
          type="button"
        >
          <span
            class="MuiButton-label"
          >
            Next
          </span>
        </button>
      </div>
    </div>
  </div>
</DocumentFragment>
`;
