// Jest Snapshot v1, https://goo.gl/fbAQLP

exports[`AboutLovedOne page should match snapshot 1`] = `
<DocumentFragment>
  <div
    class="MuiGrid-root MuiGrid-container"
  >
    <div
      class="MuiGrid-root MuiGrid-item MuiGrid-grid-xs-12"
    >
      <h2
        class="MuiTypography-root makeStyles-header-16 MuiTypography-h2"
      >
        Share a few details about who needs care.
      </h2>
    </div>
    <span>
      <div
        class="MuiGrid-root MuiGrid-item MuiGrid-grid-xs-12"
      >
        <h4
          class="MuiTypography-root makeStyles-subheader-12 MuiTypography-h4"
        >
          Who needs care?
        </h4>
        <fieldset
          class="MuiFormControl-root MuiFormControl-fullWidth"
        >
          <div
            aria-label="Who needs care"
            class="MuiFormGroup-root makeStyles-radioGroup-15"
            role="radiogroup"
          >
            <label
              class="MuiFormControlLabel-root makeStyles-radioList-1 MuiFormControlLabel-labelPlacementStart"
            >
              <span
                aria-disabled="false"
                class="MuiButtonBase-root MuiIconButton-root PrivateSwitchBase-root-31 MuiRadio-root MuiRadio-colorSecondary MuiIconButton-colorSecondary"
              >
                <span
                  class="MuiIconButton-label"
                >
                  <input
                    class="PrivateSwitchBase-input-34"
                    name="who-needs-care"
                    type="radio"
                    value="PARENT"
                  />
                  <div
                    class="PrivateRadioButtonIcon-root-35"
                  >
                    <svg
                      aria-hidden="true"
                      class="MuiSvgIcon-root"
                      focusable="false"
                      viewBox="0 0 24 24"
                    >
                      <path
                        d="M12 2C6.48 2 2 6.48 2 12s4.48 10 10 10 10-4.48 10-10S17.52 2 12 2zm0 18c-4.42 0-8-3.58-8-8s3.58-8 8-8 8 3.58 8 8-3.58 8-8 8z"
                      />
                    </svg>
                    <svg
                      aria-hidden="true"
                      class="MuiSvgIcon-root PrivateRadioButtonIcon-layer-36"
                      focusable="false"
                      viewBox="0 0 24 24"
                    >
                      <path
                        d="M8.465 8.465C9.37 7.56 10.62 7 12 7C14.76 7 17 9.24 17 12C17 13.38 16.44 14.63 15.535 15.535C14.63 16.44 13.38 17 12 17C9.24 17 7 14.76 7 12C7 10.62 7.56 9.37 8.465 8.465Z"
                      />
                    </svg>
                  </div>
                </span>
                <span
                  class="MuiTouchRipple-root"
                />
              </span>
              <span
                class="MuiTypography-root MuiFormControlLabel-label makeStyles-lovedOneLabel-2 MuiTypography-body1"
              >
                My parent
              </span>
            </label>
            <label
              class="MuiFormControlLabel-root makeStyles-radioList-1 MuiFormControlLabel-labelPlacementStart"
            >
              <span
                aria-disabled="false"
                class="MuiButtonBase-root MuiIconButton-root PrivateSwitchBase-root-31 MuiRadio-root MuiRadio-colorSecondary MuiIconButton-colorSecondary"
              >
                <span
                  class="MuiIconButton-label"
                >
                  <input
                    class="PrivateSwitchBase-input-34"
                    name="who-needs-care"
                    type="radio"
                    value="SPOUSE"
                  />
                  <div
                    class="PrivateRadioButtonIcon-root-35"
                  >
                    <svg
                      aria-hidden="true"
                      class="MuiSvgIcon-root"
                      focusable="false"
                      viewBox="0 0 24 24"
                    >
                      <path
                        d="M12 2C6.48 2 2 6.48 2 12s4.48 10 10 10 10-4.48 10-10S17.52 2 12 2zm0 18c-4.42 0-8-3.58-8-8s3.58-8 8-8 8 3.58 8 8-3.58 8-8 8z"
                      />
                    </svg>
                    <svg
                      aria-hidden="true"
                      class="MuiSvgIcon-root PrivateRadioButtonIcon-layer-36"
                      focusable="false"
                      viewBox="0 0 24 24"
                    >
                      <path
                        d="M8.465 8.465C9.37 7.56 10.62 7 12 7C14.76 7 17 9.24 17 12C17 13.38 16.44 14.63 15.535 15.535C14.63 16.44 13.38 17 12 17C9.24 17 7 14.76 7 12C7 10.62 7.56 9.37 8.465 8.465Z"
                      />
                    </svg>
                  </div>
                </span>
                <span
                  class="MuiTouchRipple-root"
                />
              </span>
              <span
                class="MuiTypography-root MuiFormControlLabel-label makeStyles-lovedOneLabel-2 MuiTypography-body1"
              >
                My spouse
              </span>
            </label>
            <label
              class="MuiFormControlLabel-root makeStyles-radioList-1 MuiFormControlLabel-labelPlacementStart"
            >
              <span
                aria-disabled="false"
                class="MuiButtonBase-root MuiIconButton-root PrivateSwitchBase-root-31 MuiRadio-root MuiRadio-colorSecondary MuiIconButton-colorSecondary"
              >
                <span
                  class="MuiIconButton-label"
                >
                  <input
                    class="PrivateSwitchBase-input-34"
                    name="who-needs-care"
                    type="radio"
                    value="GRANDPARENT"
                  />
                  <div
                    class="PrivateRadioButtonIcon-root-35"
                  >
                    <svg
                      aria-hidden="true"
                      class="MuiSvgIcon-root"
                      focusable="false"
                      viewBox="0 0 24 24"
                    >
                      <path
                        d="M12 2C6.48 2 2 6.48 2 12s4.48 10 10 10 10-4.48 10-10S17.52 2 12 2zm0 18c-4.42 0-8-3.58-8-8s3.58-8 8-8 8 3.58 8 8-3.58 8-8 8z"
                      />
                    </svg>
                    <svg
                      aria-hidden="true"
                      class="MuiSvgIcon-root PrivateRadioButtonIcon-layer-36"
                      focusable="false"
                      viewBox="0 0 24 24"
                    >
                      <path
                        d="M8.465 8.465C9.37 7.56 10.62 7 12 7C14.76 7 17 9.24 17 12C17 13.38 16.44 14.63 15.535 15.535C14.63 16.44 13.38 17 12 17C9.24 17 7 14.76 7 12C7 10.62 7.56 9.37 8.465 8.465Z"
                      />
                    </svg>
                  </div>
                </span>
                <span
                  class="MuiTouchRipple-root"
                />
              </span>
              <span
                class="MuiTypography-root MuiFormControlLabel-label makeStyles-lovedOneLabel-2 MuiTypography-body1"
              >
                My grandparent
              </span>
            </label>
            <label
              class="MuiFormControlLabel-root makeStyles-radioList-1 MuiFormControlLabel-labelPlacementStart"
            >
              <span
                aria-disabled="false"
                class="MuiButtonBase-root MuiIconButton-root PrivateSwitchBase-root-31 MuiRadio-root MuiRadio-colorSecondary MuiIconButton-colorSecondary"
              >
                <span
                  class="MuiIconButton-label"
                >
                  <input
                    class="PrivateSwitchBase-input-34"
                    name="who-needs-care"
                    type="radio"
                    value="OTHER"
                  />
                  <div
                    class="PrivateRadioButtonIcon-root-35"
                  >
                    <svg
                      aria-hidden="true"
                      class="MuiSvgIcon-root"
                      focusable="false"
                      viewBox="0 0 24 24"
                    >
                      <path
                        d="M12 2C6.48 2 2 6.48 2 12s4.48 10 10 10 10-4.48 10-10S17.52 2 12 2zm0 18c-4.42 0-8-3.58-8-8s3.58-8 8-8 8 3.58 8 8-3.58 8-8 8z"
                      />
                    </svg>
                    <svg
                      aria-hidden="true"
                      class="MuiSvgIcon-root PrivateRadioButtonIcon-layer-36"
                      focusable="false"
                      viewBox="0 0 24 24"
                    >
                      <path
                        d="M8.465 8.465C9.37 7.56 10.62 7 12 7C14.76 7 17 9.24 17 12C17 13.38 16.44 14.63 15.535 15.535C14.63 16.44 13.38 17 12 17C9.24 17 7 14.76 7 12C7 10.62 7.56 9.37 8.465 8.465Z"
                      />
                    </svg>
                  </div>
                </span>
                <span
                  class="MuiTouchRipple-root"
                />
              </span>
              <span
                class="MuiTypography-root MuiFormControlLabel-label makeStyles-lovedOneLabel-2 MuiTypography-body1"
              >
                My friend/extended relative
              </span>
            </label>
            <label
              class="MuiFormControlLabel-root makeStyles-radioList-1 MuiFormControlLabel-labelPlacementStart"
            >
              <span
                aria-disabled="false"
                class="MuiButtonBase-root MuiIconButton-root PrivateSwitchBase-root-31 MuiRadio-root MuiRadio-colorSecondary PrivateSwitchBase-checked-32 Mui-checked MuiIconButton-colorSecondary"
              >
                <span
                  class="MuiIconButton-label"
                >
                  <input
                    checked=""
                    class="PrivateSwitchBase-input-34"
                    name="who-needs-care"
                    type="radio"
                    value="SELF"
                  />
                  <div
                    class="PrivateRadioButtonIcon-root-35 PrivateRadioButtonIcon-checked-37"
                  >
                    <svg
                      aria-hidden="true"
                      class="MuiSvgIcon-root"
                      focusable="false"
                      viewBox="0 0 24 24"
                    >
                      <path
                        d="M12 2C6.48 2 2 6.48 2 12s4.48 10 10 10 10-4.48 10-10S17.52 2 12 2zm0 18c-4.42 0-8-3.58-8-8s3.58-8 8-8 8 3.58 8 8-3.58 8-8 8z"
                      />
                    </svg>
                    <svg
                      aria-hidden="true"
                      class="MuiSvgIcon-root PrivateRadioButtonIcon-layer-36"
                      focusable="false"
                      viewBox="0 0 24 24"
                    >
                      <path
                        d="M8.465 8.465C9.37 7.56 10.62 7 12 7C14.76 7 17 9.24 17 12C17 13.38 16.44 14.63 15.535 15.535C14.63 16.44 13.38 17 12 17C9.24 17 7 14.76 7 12C7 10.62 7.56 9.37 8.465 8.465Z"
                      />
                    </svg>
                  </div>
                </span>
                <span
                  class="MuiTouchRipple-root"
                />
              </span>
              <span
                class="MuiTypography-root MuiFormControlLabel-label makeStyles-lovedOneLabel-2 MuiTypography-body1"
              >
                Myself
              </span>
            </label>
          </div>
        </fieldset>
      </div>
    </span>
    <div
      class="MuiGrid-root makeStyles-genderSelector-11 MuiGrid-item MuiGrid-grid-xs-12"
    >
      <h4
        class="MuiTypography-root makeStyles-subtitle-13 MuiTypography-h4"
      >
        Gender
      </h4>
      <div
        class="makeStyles-segment-control-38"
      >
        <div
          class="makeStyles-segment-indicator-41"
          id="segment-indicator"
          style="left: 0%; width: 50%;"
        />
        <span
          class="makeStyles-segment-control-option-40 makeStyles-is-selected-42"
          role="button"
          tabindex="0"
        >
          Female
        </span>
        <span
          class="makeStyles-segment-control-option-40"
          role="button"
          tabindex="0"
        >
          Male
        </span>
      </div>
    </div>
    <div
      class="MuiGrid-root MuiGrid-item MuiGrid-grid-xs-12"
    >
      <h4
        class="MuiTypography-root makeStyles-subtitle-13 MuiTypography-h4"
      >
        Age
      </h4>
      <div
        class="MuiInputBase-root MuiInput-root MuiInput-underline makeStyles-ageSelector-9"
      >
        <div
          aria-haspopup="listbox"
          class="MuiSelect-root MuiSelect-select MuiSelect-selectMenu MuiInputBase-input MuiInput-input makeStyles-inputBox-10"
          role="button"
          tabindex="0"
        >
          80's
        </div>
        <input
          aria-hidden="true"
          class="MuiSelect-nativeInput"
          tabindex="-1"
          value="EIGHTIES"
        />
        <svg
          aria-hidden="true"
          class="MuiSvgIcon-root MuiSelect-icon"
          focusable="false"
          viewBox="0 0 24 24"
        >
          <path
            d="M7 10l5 5 5-5z"
          />
        </svg>
      </div>
    </div>
  </div>
  <div
    class="MuiGrid-root MuiGrid-item MuiGrid-grid-xs-12"
  >
    <h4
      class="MuiTypography-root makeStyles-subheader-12 MuiTypography-h4"
    >
      <strong>
        What should we know about you?
      </strong>
    </h4>
    <div
      class="MuiGrid-root makeStyles-lovedOneContainer-3 MuiGrid-item MuiGrid-grid-xs-12"
    >
      <p
        class="MuiTypography-root makeStyles-examplesText-14 MuiTypography-body2"
      >
        Examples:
      </p>
      <ul
        class="MuiList-root makeStyles-bulletPointList-4 MuiList-padding"
      >
        <li
          class="MuiListItem-root makeStyles-bulletPointItem-5"
        >
          <p
            class="MuiTypography-root makeStyles-body3-20 MuiTypography-body1"
          >
            Do you have any underlying conditions?
          </p>
        </li>
        <li
          class="MuiListItem-root makeStyles-bulletPointItem-5"
        >
          <p
            class="MuiTypography-root makeStyles-body3-20 MuiTypography-body1"
          >
            What are your hobbies/interests?
          </p>
        </li>
        <li
          class="MuiListItem-root makeStyles-bulletPointItem-5"
        >
          <p
            class="MuiTypography-root makeStyles-body3-20 MuiTypography-body1"
          >
            How would you like to structure your ideal day?
          </p>
        </li>
      </ul>
    </div>
    <div
      class="MuiGrid-root MuiGrid-item MuiGrid-grid-xs-12"
    >
      <textarea
        class="makeStyles-detailsBox-7"
        id="details"
        name="details"
        placeholder="Share details here"
        rows="7"
        style="height: -4px; overflow: hidden;"
      />
      <textarea
        aria-hidden="true"
        class="makeStyles-detailsBox-7"
        readonly=""
        style="visibility: hidden; position: absolute; overflow: hidden; height: 0px; top: 0px; left: 0px; transform: translateZ(0); width: 100%;"
        tabindex="-1"
      />
    </div>
    <div
      class="MuiGrid-root makeStyles-nextButtonContainer-8 MuiGrid-item MuiGrid-grid-xs-12"
    >
      <button
        class="MuiButtonBase-root MuiButton-root MuiButton-contained MuiButton-containedPrimary MuiButton-containedSizeLarge MuiButton-sizeLarge MuiButton-fullWidth"
        tabindex="0"
        type="button"
      >
        <span
          class="MuiButton-label"
        >
          Next
        </span>
        <span
          class="MuiTouchRipple-root"
        />
      </button>
    </div>
  </div>
</DocumentFragment>
`;
