// Jest Snapshot v1, https://goo.gl/fbAQLP

exports[`auth-error page matches snapshot 1`] = `
<DocumentFragment>
  <div
    class="MuiGrid-root makeStyles-root-1 MuiGrid-container"
  >
    <div
      class="MuiGrid-root MuiGrid-item MuiGrid-grid-xs-12"
    >
      <svg
        aria-hidden="true"
        class="MuiSvgIcon-root makeStyles-root-7 makeStyles-icon-2"
        focusable="false"
        viewBox="0 0 64 64"
      >
        <path
          d="M41.41 42.82a1.4 1.4 0 01-1-.41L21.59 23.58a1.41 1.41 0 012-2l18.82 18.84a1.41 1.41 0 010 2 1.44 1.44 0 01-1 .4z"
          fill="#213f5f"
        />
        <path
          d="M22.59 42.82a1.44 1.44 0 01-1-.41 1.41 1.41 0 010-2l18.83-18.82a1.41 1.41 0 012 2L23.58 42.41a1.4 1.4 0 01-.99.41z"
          fill="#213f5f"
        />
        <path
          d="M32 58.7A26.7 26.7 0 1158.7 32 26.73 26.73 0 0132 58.7zm0-50.58A23.88 23.88 0 1055.88 32 23.9 23.9 0 0032 8.12z"
          fill="#213f5f"
        />
      </svg>
    </div>
    <div
      class="MuiGrid-root MuiGrid-item MuiGrid-grid-xs-12"
    >
      <h2
        class="MuiTypography-root makeStyles-header-8 MuiTypography-h2"
      >
        It looks like you're already logged in.
      </h2>
    </div>
    <div
      class="MuiGrid-root MuiGrid-item MuiGrid-grid-xs-12"
    >
      <p
        class="MuiTypography-root makeStyles-bodyText-3 MuiTypography-body2"
      >
        In order to start, you'll need to logout and create an account with a separate email address.
      </p>
    </div>
    <div
      class="MuiGrid-root makeStyles-buttonContainer-4 MuiGrid-item MuiGrid-grid-xs-12"
    >
      <button
        class="MuiButtonBase-root MuiButton-root MuiButton-contained MuiButton-containedPrimary MuiButton-containedSizeLarge MuiButton-sizeLarge MuiButton-fullWidth"
        tabindex="0"
        type="button"
      >
        <span
          class="MuiButton-label"
        >
          <span>
            Logout and continue
          </span>
        </span>
        <span
          class="MuiTouchRipple-root"
        />
      </button>
    </div>
    <div
      class="MuiGrid-root MuiGrid-item MuiGrid-grid-xs-12"
    >
      <button
        class="MuiButtonBase-root MuiButton-root MuiButton-text makeStyles-skipButton-5 MuiButton-textSizeLarge MuiButton-sizeLarge MuiButton-fullWidth"
        tabindex="0"
        type="button"
      >
        <span
          class="MuiButton-label"
        >
          <span>
            Go back
          </span>
        </span>
        <span
          class="MuiTouchRipple-root"
        />
      </button>
    </div>
  </div>
</DocumentFragment>
`;
