// Jest Snapshot v1, https://goo.gl/fbAQLP

exports[`Recurring page matches snapshot 1`] = `
<DocumentFragment>
  <div
    class="MuiGrid-root MuiGrid-container"
  >
    <div
      class="MuiGrid-root MuiGrid-item MuiGrid-grid-xs-12"
    >
      <h2
        class="MuiTypography-root makeStyles-header-5 MuiTypography-h2"
      >
        Which days do you need care?
      </h2>
    </div>
    <div
      class="MuiGrid-root MuiGrid-item MuiGrid-grid-xs-12"
    >
      <h4
        class="MuiTypography-root makeStyles-daySubheader-3 MuiTypography-h4"
      >
        Days
      </h4>
    </div>
    <div
      class="MuiGrid-root MuiGrid-item MuiGrid-grid-xs-12"
    >
      <ul
        class="MuiList-root makeStyles-rootInline-9 makeStyles-root-8 makeStyles-careDays-7 MuiList-padding"
      >
        <li
          class="MuiListItem-root makeStyles-root-10 pill MuiListItem-gutters"
        >
          <input
            class="makeStyles-input-13"
            id="selector.careDays.0"
            name="careDays"
            readonly=""
            type="checkbox"
            value="sun"
          />
          <div
            class="MuiBox-root MuiBox-root-21 makeStyles-controlIndicator-14 xs"
            tabindex="0"
          >
            <p
              class="MuiTypography-root makeStyles-body3-25 MuiTypography-body1"
            >
              Sun
            </p>
          </div>
        </li>
        <li
          class="MuiListItem-root makeStyles-root-10 pill MuiListItem-gutters"
        >
          <input
            class="makeStyles-input-13"
            id="selector.careDays.1"
            name="careDays"
            readonly=""
            type="checkbox"
            value="mon"
          />
          <div
            class="MuiBox-root MuiBox-root-36 makeStyles-controlIndicator-14 xs"
            tabindex="0"
          >
            <p
              class="MuiTypography-root makeStyles-body3-25 MuiTypography-body1"
            >
              Mon
            </p>
          </div>
        </li>
        <li
          class="MuiListItem-root makeStyles-root-10 pill MuiListItem-gutters"
        >
          <input
            class="makeStyles-input-13"
            id="selector.careDays.2"
            name="careDays"
            readonly=""
            type="checkbox"
            value="tue"
          />
          <div
            class="MuiBox-root MuiBox-root-37 makeStyles-controlIndicator-14 xs"
            tabindex="0"
          >
            <p
              class="MuiTypography-root makeStyles-body3-25 MuiTypography-body1"
            >
              Tue
            </p>
          </div>
        </li>
        <li
          class="MuiListItem-root makeStyles-root-10 pill MuiListItem-gutters"
        >
          <input
            class="makeStyles-input-13"
            id="selector.careDays.3"
            name="careDays"
            readonly=""
            type="checkbox"
            value="wed"
          />
          <div
            class="MuiBox-root MuiBox-root-38 makeStyles-controlIndicator-14 xs"
            tabindex="0"
          >
            <p
              class="MuiTypography-root makeStyles-body3-25 MuiTypography-body1"
            >
              Wed
            </p>
          </div>
        </li>
        <li
          class="MuiListItem-root makeStyles-root-10 pill MuiListItem-gutters"
        >
          <input
            class="makeStyles-input-13"
            id="selector.careDays.4"
            name="careDays"
            readonly=""
            type="checkbox"
            value="thu"
          />
          <div
            class="MuiBox-root MuiBox-root-39 makeStyles-controlIndicator-14 xs"
            tabindex="0"
          >
            <p
              class="MuiTypography-root makeStyles-body3-25 MuiTypography-body1"
            >
              Thu
            </p>
          </div>
        </li>
        <li
          class="MuiListItem-root makeStyles-root-10 pill MuiListItem-gutters"
        >
          <input
            class="makeStyles-input-13"
            id="selector.careDays.5"
            name="careDays"
            readonly=""
            type="checkbox"
            value="fri"
          />
          <div
            class="MuiBox-root MuiBox-root-40 makeStyles-controlIndicator-14 xs"
            tabindex="0"
          >
            <p
              class="MuiTypography-root makeStyles-body3-25 MuiTypography-body1"
            >
              Fri
            </p>
          </div>
        </li>
        <li
          class="MuiListItem-root makeStyles-root-10 pill MuiListItem-gutters"
        >
          <input
            class="makeStyles-input-13"
            id="selector.careDays.6"
            name="careDays"
            readonly=""
            type="checkbox"
            value="sat"
          />
          <div
            class="MuiBox-root MuiBox-root-41 makeStyles-controlIndicator-14 xs"
            tabindex="0"
          >
            <p
              class="MuiTypography-root makeStyles-body3-25 MuiTypography-body1"
            >
              Sat
            </p>
          </div>
        </li>
      </ul>
    </div>
    <div
      class="MuiGrid-root MuiGrid-item MuiGrid-grid-xs-12"
    >
      <h4
        class="MuiTypography-root makeStyles-timeSubheader-4 MuiTypography-h4"
      >
        Times
      </h4>
    </div>
    <div
      class="MuiGrid-root MuiGrid-item MuiGrid-grid-xs-12"
    >
      <ul
        class="MuiList-root makeStyles-rootInline-9 makeStyles-careTimes-43 MuiList-padding"
      >
        <li
          class="MuiListItem-root makeStyles-root-10 pill MuiListItem-gutters"
        >
          <input
            class="makeStyles-input-13"
            id="selector.careTimes.0"
            name="careTimes"
            readonly=""
            type="checkbox"
            value="morning"
          />
          <div
            class="MuiBox-root MuiBox-root-46 makeStyles-controlIndicator-14 sm"
            tabindex="0"
          >
            <p
              class="MuiTypography-root MuiTypography-body2"
            >
              Mornings
            </p>
          </div>
        </li>
        <li
          class="MuiListItem-root makeStyles-root-10 pill MuiListItem-gutters"
        >
          <input
            class="makeStyles-input-13"
            id="selector.careTimes.1"
            name="careTimes"
            readonly=""
            type="checkbox"
            value="afternoon"
          />
          <div
            class="MuiBox-root MuiBox-root-47 makeStyles-controlIndicator-14 sm"
            tabindex="0"
          >
            <p
              class="MuiTypography-root MuiTypography-body2"
            >
              Afternoons
            </p>
          </div>
        </li>
        <li
          class="MuiListItem-root makeStyles-root-10 pill MuiListItem-gutters"
        >
          <input
            class="makeStyles-input-13"
            id="selector.careTimes.2"
            name="careTimes"
            readonly=""
            type="checkbox"
            value="evening"
          />
          <div
            class="MuiBox-root MuiBox-root-48 makeStyles-controlIndicator-14 sm"
            tabindex="0"
          >
            <p
              class="MuiTypography-root MuiTypography-body2"
            >
              Evenings
            </p>
          </div>
        </li>
        <li
          class="MuiListItem-root makeStyles-root-10 pill MuiListItem-gutters"
        >
          <input
            class="makeStyles-input-13"
            id="selector.careTimes.3"
            name="careTimes"
            readonly=""
            type="checkbox"
            value="overnight"
          />
          <div
            class="MuiBox-root MuiBox-root-49 makeStyles-controlIndicator-14 sm"
            tabindex="0"
          >
            <p
              class="MuiTypography-root MuiTypography-body2"
            >
              Overnight
            </p>
          </div>
        </li>
      </ul>
    </div>
    <div
      class="MuiGrid-root MuiGrid-item MuiGrid-grid-xs-12"
    >
      <button
        class="MuiTypography-root MuiLink-root MuiLink-underlineHover makeStyles-specificTimesLink-44 MuiLink-button MuiTypography-body2 MuiTypography-colorPrimary"
      >
        Add specific times instead
      </button>
    </div>
    <div
      class="MuiGrid-root MuiGrid-item MuiGrid-grid-xs-12"
    >
      <h6
        class="MuiTypography-root makeStyles-adjustLaterText-45 MuiTypography-subtitle2 MuiTypography-colorTextSecondary MuiTypography-alignCenter"
      >
        Don't worry, you can always adjust these times later.
      </h6>
    </div>
    <div
      class="MuiGrid-root makeStyles-nextButtonContainer-2 MuiGrid-item MuiGrid-grid-xs-12"
    >
      <button
        class="MuiButtonBase-root MuiButton-root MuiButton-contained MuiButton-containedPrimary MuiButton-containedSizeLarge MuiButton-sizeLarge MuiButton-fullWidth"
        tabindex="0"
        type="button"
      >
        <span
          class="MuiButton-label"
        >
          Next
        </span>
        <span
          class="MuiTouchRipple-root"
        />
      </button>
    </div>
  </div>
</DocumentFragment>
`;
