// Jest Snapshot v1, https://goo.gl/fbAQLP

exports[`/care-location matches snapshot 1`] = `[Function]`;
