// Jest Snapshot v1, https://goo.gl/fbAQLP

exports[`Daycare - Match daycares matches snapshot 1`] = `
<DocumentFragment>
  <div
    class="MuiGrid-root makeStyles-mainContainer-5 MuiGrid-container"
  >
    <div
      class="MuiGrid-root MuiGrid-item MuiGrid-grid-xs-12"
    >
      <h2
        class="MuiTypography-root makeStyles-header-8 MuiTypography-h2"
      >
        Looking for daycares in , ...
      </h2>
      <ul
        class="MuiList-root makeStyles-list-1 MuiList-padding"
      >
        <li
          class="MuiListItem-root makeStyles-listItem-2 makeStyles-itemTransitionBegin-6 makeStyles-itemTransitionEnd-7 MuiListItem-gutters"
        >
          <div
            class="MuiListItemIcon-root makeStyles-itemIcon-3"
          >
            <svg
              aria-hidden="true"
              class="MuiSvgIcon-root makeStyles-root-12"
              focusable="false"
              viewBox="0 0 24 24"
            >
              <path
                d="M2 12a10 10 0 1110 10A10 10 0 012 12zm1.32 0A8.68 8.68 0 1012 3.32 8.7 8.7 0 003.32 12z"
                fill="#00a979"
              />
              <path
                d="M10.35 15.3a.68.68 0 01-.36-.18l-2.43-2.64a.54.54 0 01.09-.62.45.45 0 01.63 0l2.07 2.29 4.78-5a.45.45 0 01.63 0 .41.41 0 010 .62l-5 5.37a.49.49 0 01-.41.16z"
                fill="#00a979"
              />
              <path
                d="M10.35 15.55a.91.91 0 01-.53-.25l-2.48-2.71a.77.77 0 01.13-.9.7.7 0 011 0l1.9 2.11L15 9a.7.7 0 011 0 .68.68 0 01.21.49.67.67 0 01-.21.49l-5 5.37a.77.77 0 01-.65.2zm-2.58-3.21L10.18 15a.54.54 0 00.18.1c.07 0 .1 0 .18-.1l5-5.37a.19.19 0 00.07-.14.18.18 0 00-.06-.13.19.19 0 00-.28 0l-5 5.21L8.1 12a.2.2 0 00-.28 0 .28.28 0 00-.05.34z"
                fill="#00a979"
              />
            </svg>
          </div>
          <div
            class="MuiListItemText-root"
          >
            <p
              class="MuiTypography-root MuiTypography-body2"
            >
              Locations nearest to you
            </p>
          </div>
        </li>
        <li
          class="MuiListItem-root makeStyles-listItem-2 makeStyles-itemTransitionBegin-6 makeStyles-itemTransitionEnd-7 MuiListItem-gutters"
        >
          <div
            class="MuiListItemIcon-root makeStyles-itemIcon-3"
          >
            <svg
              aria-hidden="true"
              class="MuiSvgIcon-root makeStyles-root-13"
              focusable="false"
              viewBox="0 0 24 24"
            >
              <path
                d="M2 12a10 10 0 1110 10A10 10 0 012 12zm1.32 0A8.68 8.68 0 1012 3.32 8.7 8.7 0 003.32 12z"
                fill="#00a979"
              />
              <path
                d="M10.35 15.3a.68.68 0 01-.36-.18l-2.43-2.64a.54.54 0 01.09-.62.45.45 0 01.63 0l2.07 2.29 4.78-5a.45.45 0 01.63 0 .41.41 0 010 .62l-5 5.37a.49.49 0 01-.41.16z"
                fill="#00a979"
              />
              <path
                d="M10.35 15.55a.91.91 0 01-.53-.25l-2.48-2.71a.77.77 0 01.13-.9.7.7 0 011 0l1.9 2.11L15 9a.7.7 0 011 0 .68.68 0 01.21.49.67.67 0 01-.21.49l-5 5.37a.77.77 0 01-.65.2zm-2.58-3.21L10.18 15a.54.54 0 00.18.1c.07 0 .1 0 .18-.1l5-5.37a.19.19 0 00.07-.14.18.18 0 00-.06-.13.19.19 0 00-.28 0l-5 5.21L8.1 12a.2.2 0 00-.28 0 .28.28 0 00-.05.34z"
                fill="#00a979"
              />
            </svg>
          </div>
          <div
            class="MuiListItemText-root"
          >
            <p
              class="MuiTypography-root MuiTypography-body2"
            >
              Matching your family's needs
            </p>
          </div>
        </li>
        <li
          class="MuiListItem-root makeStyles-listItem-2 makeStyles-itemTransitionBegin-6 makeStyles-itemTransitionEnd-7 MuiListItem-gutters"
        >
          <div
            class="MuiListItemIcon-root makeStyles-itemIcon-3"
          >
            <svg
              aria-hidden="true"
              class="MuiSvgIcon-root makeStyles-root-14"
              focusable="false"
              viewBox="0 0 24 24"
            >
              <path
                d="M2 12a10 10 0 1110 10A10 10 0 012 12zm1.32 0A8.68 8.68 0 1012 3.32 8.7 8.7 0 003.32 12z"
                fill="#00a979"
              />
              <path
                d="M10.35 15.3a.68.68 0 01-.36-.18l-2.43-2.64a.54.54 0 01.09-.62.45.45 0 01.63 0l2.07 2.29 4.78-5a.45.45 0 01.63 0 .41.41 0 010 .62l-5 5.37a.49.49 0 01-.41.16z"
                fill="#00a979"
              />
              <path
                d="M10.35 15.55a.91.91 0 01-.53-.25l-2.48-2.71a.77.77 0 01.13-.9.7.7 0 011 0l1.9 2.11L15 9a.7.7 0 011 0 .68.68 0 01.21.49.67.67 0 01-.21.49l-5 5.37a.77.77 0 01-.65.2zm-2.58-3.21L10.18 15a.54.54 0 00.18.1c.07 0 .1 0 .18-.1l5-5.37a.19.19 0 00.07-.14.18.18 0 00-.06-.13.19.19 0 00-.28 0l-5 5.21L8.1 12a.2.2 0 00-.28 0 .28.28 0 00-.05.34z"
                fill="#00a979"
              />
            </svg>
          </div>
          <div
            class="MuiListItemText-root"
          >
            <p
              class="MuiTypography-root MuiTypography-body2"
            >
              Available when you need care
            </p>
          </div>
        </li>
      </ul>
    </div>
  </div>
</DocumentFragment>
`;
