// Jest Snapshot v1, https://goo.gl/fbAQLP

exports[`Day care start date matches snapshot 1`] = `
<DocumentFragment>
  <div
    class="MuiGrid-root makeStyles-startDateWrapper-2 MuiGrid-container"
  >
    <div
      class="MuiGrid-root MuiGrid-item MuiGrid-grid-xs-12"
    >
      <h2
        class="MuiTypography-root MuiTypography-h2 MuiTypography-colorTextPrimary"
      >
        When do you want them to start daycare?
      </h2>
    </div>
    <div
      class="MuiGrid-root MuiGrid-item MuiGrid-grid-xs-12"
    >
      <div
        class="MuiBox-root MuiBox-root-3"
      >
        <div
          class="MuiFormControl-root MuiFormControl-fullWidth"
        >
          <label
            class="MuiFormLabel-root MuiInputLabel-root MuiInputLabel-formControl MuiInputLabel-animated"
            data-shrink="false"
            id="start-month-label"
          >
            Desired start month
          </label>
          <div
            class="MuiInputBase-root MuiInput-root MuiInput-underline makeStyles-root-4 MuiInputBase-formControl MuiInput-formControl"
          >
            <div
              aria-haspopup="listbox"
              aria-labelledby="start-month-label start-month"
              class="MuiSelect-root MuiSelect-select MuiSelect-selectMenu MuiInputBase-input MuiInput-input"
              id="start-month"
              role="button"
              tabindex="0"
            >
              <span>
                â€‹
              </span>
            </div>
            <input
              aria-hidden="true"
              class="MuiSelect-nativeInput"
              tabindex="-1"
              value=""
            />
            <svg
              aria-hidden="true"
              class="MuiSvgIcon-root makeStyles-root-6"
              focusable="false"
              viewBox="0 0 24 24"
            >
              <path
                d="M18.2 8a.91.91 0 011.2 0 .91.91 0 010 1.2L12.6 16a.91.91 0 01-1.2 0L4.6 9.2a.91.91 0 010-1.2.91.91 0 011.2 0l6.2 6.2z"
                fill="#223f5f"
              />
              <path
                d="M12 16.37a1 1 0 01-.71-.26l-6.8-6.8a1.09 1.09 0 010-1.42 1.09 1.09 0 011.42 0L12 14l6.09-6.1a1.09 1.09 0 011.42 0 1.09 1.09 0 010 1.42l-6.8 6.8a1 1 0 01-.71.25zM5.2 7.93a.69.69 0 00-.49.18.76.76 0 000 1l6.8 6.8a.78.78 0 001 0l6.8-6.8a.76.76 0 000-1 .76.76 0 00-1 0L12 14.41l-.11-.1-6.2-6.2a.69.69 0 00-.49-.18z"
                fill="#223f5f"
              />
            </svg>
          </div>
        </div>
      </div>
    </div>
    <div
      class="MuiGrid-root makeStyles-nextButtonContainer-1 MuiGrid-item MuiGrid-grid-xs-12"
    >
      <button
        class="MuiButtonBase-root MuiButton-root MuiButton-contained MuiButton-containedPrimary MuiButton-containedSizeLarge MuiButton-sizeLarge MuiButton-fullWidth"
        tabindex="0"
        type="button"
      >
        <span
          class="MuiButton-label"
        >
          Next
        </span>
        <span
          class="MuiTouchRipple-root"
        />
      </button>
    </div>
  </div>
</DocumentFragment>
`;
