// Jest Snapshot v1, https://goo.gl/fbAQLP

exports[`EmailPasswordForm matches snapshot 1`] = `
<DocumentFragment>
  <div
    class="MuiGrid-root MuiGrid-container"
  >
    <div
      class="MuiGrid-root MuiGrid-item MuiGrid-grid-xs-12"
    >
      <div
        class="makeStyles-inputContainer-4"
      >
        <div
          class="MuiFormControl-root MuiTextField-root makeStyles-inline-5"
        >
          <label
            class="MuiFormLabel-root MuiInputLabel-root MuiInputLabel-formControl MuiInputLabel-animated"
            data-shrink="false"
            for="email"
            id="email-label"
          >
            Email address
          </label>
          <div
            class="MuiInputBase-root MuiInput-root MuiInputBase-formControl MuiInput-formControl"
          >
            <input
              aria-invalid="false"
              class="MuiInputBase-input MuiInput-input"
              id="email"
              name="email"
              type="email"
              value=""
            />
          </div>
        </div>
      </div>
    </div>
    <div
      class="MuiGrid-root makeStyles-inputContainer-4 MuiGrid-item MuiGrid-grid-xs-12"
    >
      <div
        class="MuiFormControl-root MuiTextField-root makeStyles-inline-5"
      >
        <label
          class="MuiFormLabel-root MuiInputLabel-root MuiInputLabel-formControl MuiInputLabel-animated"
          data-shrink="false"
          for="password"
          id="password-label"
        >
          Password
        </label>
        <div
          class="MuiInputBase-root MuiInput-root MuiInputBase-formControl MuiInput-formControl"
        >
          <input
            aria-describedby="password-helper-text"
            aria-invalid="false"
            class="MuiInputBase-input MuiInput-input"
            id="password"
            name="password"
            type="password"
            value=""
          />
        </div>
        <p
          class="MuiFormHelperText-root"
          id="password-helper-text"
        >
          Minimum 6 characters
        </p>
      </div>
    </div>
    <div
      class="MuiGrid-root MuiGrid-item MuiGrid-grid-xs-12"
    >
      <div
        class="makeStyles-terms-9 makeStyles-terms-11"
      >
        <p
          class="MuiTypography-root makeStyles-info1-16 MuiTypography-body1"
        >
          <span>
            By clicking "
          </span>
          Continue
          <span>
            ", you agree to ourÂ 
          </span>
          <a
            href="https://www.care.com/terms-of-use-popup-p1030.html"
            rel="noreferrer"
            tabindex="-1"
            target="_blank"
          >
            Terms of Use
          </a>
           
          <span>
            and
          </span>
           
          <a
            href="https://www.care.com/privacy-policy-popup-p1031.html"
            rel="noreferrer"
            tabindex="-1"
            target="_blank"
          >
            Privacy Policy
          </a>
          <span>
            .
          </span>
        </p>
      </div>
    </div>
    <div
      class="MuiGrid-root MuiGrid-item MuiGrid-grid-xs-12"
    >
      <div
        class="makeStyles-joinNowButtonContainer-3"
      >
        <button
          class="MuiButtonBase-root MuiButton-root MuiButton-contained MuiButton-containedPrimary MuiButton-containedSizeLarge MuiButton-sizeLarge Mui-disabled MuiButton-fullWidth Mui-disabled"
          disabled=""
          tabindex="-1"
          type="button"
        >
          <span
            class="MuiButton-label"
          >
            Continue
          </span>
        </button>
      </div>
    </div>
  </div>
</DocumentFragment>
`;
