// Jest Snapshot v1, https://goo.gl/fbAQLP

exports[`Availability component matches snapshot 1`] = `
<DocumentFragment>
  <div
    class="MuiGrid-root MuiGrid-container"
  >
    <div
      class="MuiGrid-root MuiGrid-item MuiGrid-grid-xs-12"
    >
      <h2
        class="MuiTypography-root makeStyles-header-13 MuiTypography-h2"
      >
        When are you available to work?
      </h2>
    </div>
    <div
      class="MuiGrid-root makeStyles-datePickerContainer-2 MuiGrid-item MuiGrid-grid-xs-12"
    >
      <h4
        class="MuiTypography-root makeStyles-dateSubheader-6 MuiTypography-h4"
      >
        Dates
      </h4>
      <div
        class="MuiFormControl-root MuiTextField-root makeStyles-root-28 makeStyles-is-filled-31"
        data-testid="keyboardDatePicker"
      >
        <label
          class="MuiFormLabel-root MuiInputLabel-root MuiInputLabel-formControl MuiInputLabel-animated MuiInputLabel-shrink Mui-error Mui-error MuiFormLabel-filled"
          data-shrink="true"
          for="startDate"
          id="startDate-label"
        >
          Estimated start date
        </label>
        <div
          class="MuiInputBase-root MuiInput-root MuiInput-underline Mui-error Mui-error MuiInputBase-formControl MuiInput-formControl MuiInputBase-adornedEnd"
        >
          <input
            aria-describedby="startDate-helper-text"
            aria-invalid="true"
            class="MuiInputBase-input MuiInput-input MuiInputBase-inputAdornedEnd"
            id="startDate"
            type="text"
            value="12/31/2100"
          />
          <div
            class="MuiInputAdornment-root MuiInputAdornment-positionEnd"
          >
            <button
              class="MuiButtonBase-root MuiIconButton-root"
              tabindex="0"
              type="button"
            >
              <span
                class="MuiIconButton-label"
              >
                <svg
                  aria-hidden="true"
                  class="MuiSvgIcon-root makeStyles-root-34"
                  focusable="false"
                  viewBox="0 0 24 24"
                >
                  <path
                    d="M17.79 4.49h-.47v-.94a.63.63 0 10-1.25 0v1H7.85v-1a.67.67 0 00-.62-.63.67.67 0 00-.63.63v1h-.47A3.13 3.13 0 003 7.7V18a3.14 3.14 0 003.13 3.13h11.74a2.83 2.83 0 002.19-.94A3.13 3.13 0 0021 18V7.62a3.27 3.27 0 00-3.21-3.13zM6.13 5.82h.47v.7a.68.68 0 00.63.63.68.68 0 00.62-.63v-.7h8.22v.7a.63.63 0 101.25 0v-.7h.47a1.86 1.86 0 011.8 1.72H4.25a1.93 1.93 0 011.88-1.72zm13 13.3a1.85 1.85 0 01-1.25.55H6.13a1.77 1.77 0 01-1.8-1.8V8.79h15.34v9.08a1.85 1.85 0 01-.55 1.25z"
                    fill="#182c42"
                  />
                  <path
                    d="M7.77 13.17a.86.86 0 000-1.72.86.86 0 000 1.72zM12 13.17a.86.86 0 10-.86-.86.85.85 0 00.86.86zM16.15 13.17a.86.86 0 10-.86-.86.86.86 0 00.86.86zM7.77 17.09a.86.86 0 10-.86-.86.86.86 0 00.86.86zM12 17.09a.86.86 0 10-.86-.86.86.86 0 00.86.86zM16.15 17.09a.86.86 0 000-1.72.86.86 0 000 1.72z"
                    fill="#182c42"
                  />
                </svg>
              </span>
              <span
                class="MuiTouchRipple-root"
              />
            </button>
          </div>
        </div>
        <p
          class="MuiFormHelperText-root Mui-error MuiFormHelperText-filled"
          id="startDate-helper-text"
        >
          Date should not be after maximal date
        </p>
      </div>
    </div>
    <div
      class="MuiGrid-root makeStyles-datePickerContainer-2 MuiGrid-item MuiGrid-grid-xs-12"
    >
      <div
        class="MuiFormControl-root MuiTextField-root makeStyles-root-28"
        data-testid="keyboardDatePicker"
      >
        <label
          class="MuiFormLabel-root MuiInputLabel-root MuiInputLabel-formControl MuiInputLabel-animated"
          data-shrink="false"
          for="endDate"
          id="endDate-label"
        >
          Estimated end date
        </label>
        <div
          class="MuiInputBase-root MuiInput-root MuiInput-underline MuiInputBase-formControl MuiInput-formControl MuiInputBase-adornedEnd"
        >
          <input
            aria-invalid="false"
            class="MuiInputBase-input MuiInput-input MuiInputBase-inputAdornedEnd"
            id="endDate"
            type="text"
            value=""
          />
          <div
            class="MuiInputAdornment-root MuiInputAdornment-positionEnd"
          >
            <button
              class="MuiButtonBase-root MuiIconButton-root"
              tabindex="0"
              type="button"
            >
              <span
                class="MuiIconButton-label"
              >
                <svg
                  aria-hidden="true"
                  class="MuiSvgIcon-root makeStyles-root-35"
                  focusable="false"
                  viewBox="0 0 24 24"
                >
                  <path
                    d="M17.79 4.49h-.47v-.94a.63.63 0 10-1.25 0v1H7.85v-1a.67.67 0 00-.62-.63.67.67 0 00-.63.63v1h-.47A3.13 3.13 0 003 7.7V18a3.14 3.14 0 003.13 3.13h11.74a2.83 2.83 0 002.19-.94A3.13 3.13 0 0021 18V7.62a3.27 3.27 0 00-3.21-3.13zM6.13 5.82h.47v.7a.68.68 0 00.63.63.68.68 0 00.62-.63v-.7h8.22v.7a.63.63 0 101.25 0v-.7h.47a1.86 1.86 0 011.8 1.72H4.25a1.93 1.93 0 011.88-1.72zm13 13.3a1.85 1.85 0 01-1.25.55H6.13a1.77 1.77 0 01-1.8-1.8V8.79h15.34v9.08a1.85 1.85 0 01-.55 1.25z"
                    fill="#182c42"
                  />
                  <path
                    d="M7.77 13.17a.86.86 0 000-1.72.86.86 0 000 1.72zM12 13.17a.86.86 0 10-.86-.86.85.85 0 00.86.86zM16.15 13.17a.86.86 0 10-.86-.86.86.86 0 00.86.86zM7.77 17.09a.86.86 0 10-.86-.86.86.86 0 00.86.86zM12 17.09a.86.86 0 10-.86-.86.86.86 0 00.86.86zM16.15 17.09a.86.86 0 000-1.72.86.86 0 000 1.72z"
                    fill="#182c42"
                  />
                </svg>
              </span>
              <span
                class="MuiTouchRipple-root"
              />
            </button>
          </div>
        </div>
      </div>
    </div>
    <div
      class="MuiGrid-root MuiGrid-item MuiGrid-grid-xs-12"
    >
      <h4
        class="MuiTypography-root makeStyles-daySubheader-7 MuiTypography-h4"
      >
        Days
      </h4>
    </div>
    <div
      class="MuiGrid-root MuiGrid-item MuiGrid-grid-xs-12"
    >
      <ul
        class="MuiList-root makeStyles-careDays-11 MuiList-padding"
      >
        <li
          class="MuiListItem-root makeStyles-root-37 MuiListItem-gutters"
        >
          <input
            id="selector.careDays.0"
            name="careDays"
            readonly=""
            type="checkbox"
            value="sunday"
          />
          <span
            class="control-indicator"
          >
            <span
              class="makeStyles-indicator-38"
            >
              S
            </span>
          </span>
          <span
            class="control-label"
          >
            Sun
          </span>
        </li>
        <li
          class="MuiListItem-root makeStyles-root-37 MuiListItem-gutters"
        >
          <input
            id="selector.careDays.1"
            name="careDays"
            readonly=""
            type="checkbox"
            value="monday"
          />
          <span
            class="control-indicator"
          >
            <span
              class="makeStyles-indicator-38"
            >
              M
            </span>
          </span>
          <span
            class="control-label"
          >
            Mon
          </span>
        </li>
        <li
          class="MuiListItem-root makeStyles-root-37 MuiListItem-gutters"
        >
          <input
            id="selector.careDays.2"
            name="careDays"
            readonly=""
            type="checkbox"
            value="tuesday"
          />
          <span
            class="control-indicator"
          >
            <span
              class="makeStyles-indicator-38"
            >
              T
            </span>
          </span>
          <span
            class="control-label"
          >
            Tue
          </span>
        </li>
        <li
          class="MuiListItem-root makeStyles-root-37 MuiListItem-gutters"
        >
          <input
            id="selector.careDays.3"
            name="careDays"
            readonly=""
            type="checkbox"
            value="wednesday"
          />
          <span
            class="control-indicator"
          >
            <span
              class="makeStyles-indicator-38"
            >
              W
            </span>
          </span>
          <span
            class="control-label"
          >
            Wed
          </span>
        </li>
        <li
          class="MuiListItem-root makeStyles-root-37 MuiListItem-gutters"
        >
          <input
            id="selector.careDays.4"
            name="careDays"
            readonly=""
            type="checkbox"
            value="thursday"
          />
          <span
            class="control-indicator"
          >
            <span
              class="makeStyles-indicator-38"
            >
              T
            </span>
          </span>
          <span
            class="control-label"
          >
            Thu
          </span>
        </li>
        <li
          class="MuiListItem-root makeStyles-root-37 MuiListItem-gutters"
        >
          <input
            id="selector.careDays.5"
            name="careDays"
            readonly=""
            type="checkbox"
            value="friday"
          />
          <span
            class="control-indicator"
          >
            <span
              class="makeStyles-indicator-38"
            >
              F
            </span>
          </span>
          <span
            class="control-label"
          >
            Fri
          </span>
        </li>
        <li
          class="MuiListItem-root makeStyles-root-37 MuiListItem-gutters"
        >
          <input
            id="selector.careDays.6"
            name="careDays"
            readonly=""
            type="checkbox"
            value="saturday"
          />
          <span
            class="control-indicator"
          >
            <span
              class="makeStyles-indicator-38"
            >
              S
            </span>
          </span>
          <span
            class="control-label"
          >
            Sat
          </span>
        </li>
      </ul>
    </div>
    <div
      class="MuiGrid-root MuiGrid-item MuiGrid-grid-xs-12"
    >
      <h4
        class="MuiTypography-root makeStyles-timeSubheader-8 MuiTypography-h4"
      >
        Times
      </h4>
    </div>
    <div
      class="MuiGrid-root MuiGrid-item MuiGrid-grid-xs-12"
    >
      <ul
        class="MuiList-root makeStyles-rootInline-36 makeStyles-careTimes-12 MuiList-padding"
      >
        <li
          class="MuiListItem-root makeStyles-root-39 pill MuiListItem-gutters"
        >
          <input
            class="makeStyles-input-42"
            id="selector.careTimes.0"
            name="careTimes"
            readonly=""
            type="checkbox"
            value="morning"
          />
          <div
            class="MuiBox-root MuiBox-root-50 makeStyles-controlIndicator-43 sm"
            tabindex="0"
          >
            <p
              class="MuiTypography-root MuiTypography-body2"
            >
              Mornings
            </p>
          </div>
        </li>
        <li
          class="MuiListItem-root makeStyles-root-39 pill MuiListItem-gutters"
        >
          <input
            class="makeStyles-input-42"
            id="selector.careTimes.1"
            name="careTimes"
            readonly=""
            type="checkbox"
            value="afternoon"
          />
          <div
            class="MuiBox-root MuiBox-root-51 makeStyles-controlIndicator-43 sm"
            tabindex="0"
          >
            <p
              class="MuiTypography-root MuiTypography-body2"
            >
              Afternoons
            </p>
          </div>
        </li>
        <li
          class="MuiListItem-root makeStyles-root-39 pill MuiListItem-gutters"
        >
          <input
            class="makeStyles-input-42"
            id="selector.careTimes.2"
            name="careTimes"
            readonly=""
            type="checkbox"
            value="evening"
          />
          <div
            class="MuiBox-root MuiBox-root-52 makeStyles-controlIndicator-43 sm"
            tabindex="0"
          >
            <p
              class="MuiTypography-root MuiTypography-body2"
            >
              Evenings
            </p>
          </div>
        </li>
        <li
          class="MuiListItem-root makeStyles-root-39 pill MuiListItem-gutters"
        >
          <input
            class="makeStyles-input-42"
            id="selector.careTimes.3"
            name="careTimes"
            readonly=""
            type="checkbox"
            value="overnight"
          />
          <div
            class="MuiBox-root MuiBox-root-53 makeStyles-controlIndicator-43 sm"
            tabindex="0"
          >
            <p
              class="MuiTypography-root MuiTypography-body2"
            >
              Overnight
            </p>
          </div>
        </li>
      </ul>
    </div>
    <div
      class="MuiGrid-root MuiGrid-item MuiGrid-grid-xs-12"
    >
      <button
        class="MuiTypography-root MuiLink-root MuiLink-underlineHover makeStyles-specificTimesLink-5 MuiLink-button MuiTypography-body2 MuiTypography-colorPrimary"
      >
        Add specific times instead
      </button>
    </div>
    <div
      class="MuiGrid-root MuiGrid-item MuiGrid-grid-xs-12"
    >
      <h6
        class="MuiTypography-root makeStyles-adjustLaterText-9 MuiTypography-subtitle2 MuiTypography-colorTextSecondary MuiTypography-alignCenter"
      >
        Don't worry, you can always adjust these times later.
      </h6>
    </div>
    <div
      class="makeStyles-wrapper-54"
    >
      <div
        class="makeStyles-fade-55"
        style="position: relative; width: auto; margin-bottom: -24px; padding: 32px 40px 24px;"
      >
        <button
          class="MuiButtonBase-root MuiButton-root MuiButton-contained MuiButton-containedPrimary MuiButton-containedSizeLarge MuiButton-sizeLarge Mui-disabled MuiButton-fullWidth Mui-disabled"
          disabled=""
          tabindex="-1"
          type="button"
        >
          <span
            class="MuiButton-label"
          >
            Next
          </span>
        </button>
      </div>
    </div>
  </div>
</DocumentFragment>
`;
