// Jest Snapshot v1, https://goo.gl/fbAQLP

exports[`Experience level page matches snapshot 1`] = `
<DocumentFragment>
  <div
    class="MuiGrid-root MuiGrid-container"
  >
    <div
      class="MuiGrid-root MuiGrid-item MuiGrid-grid-xs-12"
    >
      <h2
        class="MuiTypography-root makeStyles-header-2 MuiTypography-h2"
      >
        How much paid senior caregiving experience do you have?
      </h2>
    </div>
    <div
      class="MuiGrid-root MuiGrid-item MuiGrid-grid-xs-12"
    >
      <ul
        class="MuiList-root makeStyles-selector-1 MuiList-padding"
      >
        <li
          class="MuiListItem-root makeStyles-root-4 pill MuiListItem-gutters"
        >
          <input
            class="makeStyles-input-7"
            id="selector.experienceLevel.0"
            name="experienceLevel"
            readonly=""
            type="radio"
            value="1"
          />
          <div
            class="makeStyles-controlIndicator-8 md"
            tabindex="0"
          >
            <div
              class="MuiGrid-root MuiGrid-container MuiGrid-wrap-xs-nowrap MuiGrid-align-items-xs-center"
            >
              <div>
                <p
                  class="MuiTypography-root MuiTypography-body1"
                >
                  1-2 years
                </p>
              </div>
            </div>
          </div>
        </li>
        <li
          class="MuiListItem-root makeStyles-root-4 pill MuiListItem-gutters"
        >
          <input
            class="makeStyles-input-7"
            id="selector.experienceLevel.1"
            name="experienceLevel"
            readonly=""
            type="radio"
            value="3"
          />
          <div
            class="makeStyles-controlIndicator-8 md"
            tabindex="0"
          >
            <div
              class="MuiGrid-root MuiGrid-container MuiGrid-wrap-xs-nowrap MuiGrid-align-items-xs-center"
            >
              <div>
                <p
                  class="MuiTypography-root MuiTypography-body1"
                >
                  3-4 years
                </p>
              </div>
            </div>
          </div>
        </li>
        <li
          class="MuiListItem-root makeStyles-root-4 pill MuiListItem-gutters"
        >
          <input
            class="makeStyles-input-7"
            id="selector.experienceLevel.2"
            name="experienceLevel"
            readonly=""
            type="radio"
            value="5"
          />
          <div
            class="makeStyles-controlIndicator-8 md"
            tabindex="0"
          >
            <div
              class="MuiGrid-root MuiGrid-container MuiGrid-wrap-xs-nowrap MuiGrid-align-items-xs-center"
            >
              <div>
                <p
                  class="MuiTypography-root MuiTypography-body1"
                >
                  5-9 years
                </p>
              </div>
            </div>
          </div>
        </li>
        <li
          class="MuiListItem-root makeStyles-root-4 pill MuiListItem-gutters"
        >
          <input
            class="makeStyles-input-7"
            id="selector.experienceLevel.3"
            name="experienceLevel"
            readonly=""
            type="radio"
            value="10"
          />
          <div
            class="makeStyles-controlIndicator-8 md"
            tabindex="0"
          >
            <div
              class="MuiGrid-root MuiGrid-container MuiGrid-wrap-xs-nowrap MuiGrid-align-items-xs-center"
            >
              <div>
                <p
                  class="MuiTypography-root MuiTypography-body1"
                >
                  10+ years
                </p>
              </div>
            </div>
          </div>
        </li>
        <li
          class="MuiListItem-root makeStyles-root-4 pill MuiListItem-gutters"
        >
          <input
            class="makeStyles-input-7"
            id="selector.experienceLevel.4"
            name="experienceLevel"
            readonly=""
            type="radio"
            value="0"
          />
          <div
            class="makeStyles-controlIndicator-8 md"
            tabindex="0"
          >
            <div
              class="MuiGrid-root MuiGrid-container MuiGrid-wrap-xs-nowrap MuiGrid-align-items-xs-center"
            >
              <div>
                <p
                  class="MuiTypography-root MuiTypography-body1"
                >
                  I am seeking my first senior care job
                </p>
              </div>
            </div>
          </div>
        </li>
      </ul>
    </div>
  </div>
</DocumentFragment>
`;
