// Jest Snapshot v1, https://goo.gl/fbAQLP

exports[`location page renders correctly 1`] = `
<DocumentFragment>
  <button
    type="button"
  >
    Next
  </button>
</DocumentFragment>
`;
